<?xml version="1.0" encoding="utf-8"?><testsuites name="pytest tests"><testsuite name="pytest" errors="0" failures="0" skipped="1" tests="59" time="20.928" timestamp="2025-08-30T14:47:17.151077+00:00" hostname="pkrvmccyg1gnepe"><testcase classname="tests.unit.test_cli_error_handling_unit" name="test_cli_single_question_reports_error_and_exits" time="0.055" /><testcase classname="tests.unit.test_ingest_logic" name="test_load_and_split_documents" time="0.027" /><testcase classname="tests.unit.test_config_get_service_url_unit" name="test_get_service_url_weaviate_env_override" time="0.007" /><testcase classname="tests.unit.test_frontend_smoke" name="test_frontend_module_imports_with_stub" time="0.017" /><testcase classname="tests.unit.test_cross_encoder_optimizations" name="test_cross_encoder_loads" time="0.012" /><testcase classname="tests.unit.test_imports" name="test_relative_import_fails_when_run_as_script" time="0.168" /><testcase classname="tests.unit.test_ingest_logic" name="test_deterministic_uuid" time="0.003" /><testcase classname="tests.unit.test_env_example" name="test_env_example_exists_and_has_minimal_keys" time="0.002" /><testcase classname="tests.unit.test_ingest_logic" name="test_batch_upload_is_used" time="0.013" /><testcase classname="tests.unit.test_ingest_logic" name="test_object_properties_are_correct" time="0.008" /><testcase classname="tests.unit.test_compose_security" name="test_compose_service_ports_binding_security" time="0.043" /><testcase classname="tests.unit.test_ingest_logic" name="test_vectors_are_generated_and_added" time="0.008" /><testcase classname="tests.unit.test_logging_config" name="test_set_log_level_configures_handlers_correctly" time="0.007" /><testcase classname="tests.unit.test_ingest_unit" name="test_safe_created_at_handles_missing" time="0.004" /><testcase classname="tests.unit.test_logging_config" name="test_set_log_level_handles_invalid_level" time="0.007" /><testcase classname="tests.unit.test_ingest_unit" name="test_deterministic_uuid_stable" time="0.003" /><testcase classname="tests.unit.test_logging_config" name="test_set_log_level_handles_edge_cases" time="0.006" /><testcase classname="tests.unit.test_logging_config" name="test_file_logging_uses_timed_rotation_when_env_set" time="0.009" /><testcase classname="tests.unit.test_logging_config" name="test_single_console_handler_and_no_duplicate_stream_handlers" time="0.006" /><testcase classname="tests.unit.test_network_block_httpx_unit" name="test_httpx_mock_transport_basic" time="0.010" /><testcase classname="tests.unit.test_network_block_unit" name="test_block_external_network_low_level" time="0.003" /><testcase classname="tests.unit.test_config_get_service_url_unit" name="test_get_service_url_weaviate_default" time="0.004" /><testcase classname="tests.unit.test_ollama_client_unit" name="test_check_model_exists_exact_and_prefix" time="0.002" /><testcase classname="tests.unit.test_network_block_sentinel_unit" name="test_network_block_sentinel" time="0.003" /><testcase classname="tests.unit.test_python_setup" name="test_python_executable_is_from_venv" time="0.004"><skipped type="pytest.skip" message="Pytest is running with a Python interpreter outside the virtual environment. This is acceptable in CI/CD but not recommended for local development.">/home/runner/work/kri-local-rag/kri-local-rag/tests/unit/test_python_setup.py:45: Pytest is running with a Python interpreter outside the virtual environment. This is acceptable in CI/CD but not recommended for local development.</skipped></testcase><testcase classname="tests.unit.test_ollama_client_unit" name="test_generate_response_handles_empty_and_exception" time="0.008" /><testcase classname="tests.unit.test_ollama_client_unit" name="test_detect_model_uses_tags_endpoint" time="0.002" /><testcase classname="tests.unit.test_python_setup" name="test_config_module_import_and_path" time="0.002" /><testcase classname="tests.unit.test_python_setup" name="test_working_directory_is_project_root" time="0.003" /><testcase classname="tests.unit.test_ollama_client_unit" name="test_ensure_model_available_streams_pull_with_300s_timeout" time="0.117" /><testcase classname="tests.unit.test_qa_loop_logic" name="test_rerank_cross_encoder_success" time="0.005" /><testcase classname="tests.unit.test_qa_loop_logic" name="test_rerank_empty_chunks_list" time="0.004" /><testcase classname="tests.unit.test_search_logic.TestHybridSearchFix" name="test_embedding_model_loading" time="0.005" /><testcase classname="tests.unit.test_qa_loop_logic" name="test_rerank_model_load_failure_raises_runtime_error" time="0.005" /><testcase classname="tests.unit.test_search_logic.TestHybridSearchFix" name="test_embedding_model_caching" time="0.004" /><testcase classname="tests.unit.test_search_logic.TestHybridSearchFix" name="test_embedding_model_unavailable" time="0.004" /><testcase classname="tests.unit.test_search_logic.TestHybridSearchFix" name="test_retrieval_uses_local_embedding_model" time="0.010" /><testcase classname="tests.unit.test_search_logic.TestHybridSearchFix" name="test_hybrid_search_fallback_to_bm25" time="0.012" /><testcase classname="tests.unit.test_search_logic.TestHybridSearchFix" name="test_hybrid_search_with_empty_collection" time="0.009" /><testcase classname="tests.unit.test_search_logic.TestHybridSearchFix" name="test_vectorization_error_scenario" time="0.004" /><testcase classname="tests.unit.test_search_logic.TestHybridSearchFix" name="test_hybrid_search_fallback_to_bm25_when_no_embedding_model" time="0.007" /><testcase classname="tests.unit.test_search_logic.TestHybridSearchFix" name="test_hybrid_search_without_embedding_model" time="0.010" /><testcase classname="tests.unit.test_imports" name="test_absolute_imports_work" time="0.003" /><testcase classname="tests.unit.test_search_logic.TestHybridSearchFailureDetection" name="test_hybrid_search_failure_raises_when_no_embedding_model" time="0.007" /><testcase classname="tests.unit.test_search_logic.TestHybridSearchFailureDetection" name="test_hybrid_search_failure_raises" time="0.011" /><testcase classname="tests.unit.test_startup_model_check_unit" name="test_startup_ensures_model_and_exits_when_missing" time="0.009" /><testcase classname="tests.unit.test_startup_validation_unit.TestStartupValidationUnit" name="test_backend_files_exist" time="0.006" /><testcase classname="tests.unit.test_startup_validation_unit.TestStartupValidationUnit" name="test_python_syntax_is_valid" time="0.015" /><testcase classname="tests.unit.test_startup_validation_unit.TestStartupValidationUnit" name="test_detect_interactive_prompts_in_imports" time="1.334" /><testcase classname="tests.unit.test_startup_validation_unit.TestStartupValidationUnit" name="test_import_structure_without_execution" time="0.004" /><testcase classname="tests.unit.test_startup_validation_unit.TestStartupValidationUnit" name="test_safe_config_import_only" time="0.003" /><testcase classname="tests.unit.test_startup_validation_unit.TestStartupValidationUnit" name="test_qa_loop_initialization_components" time="0.003" /><testcase classname="tests.unit.test_startup_validation_unit.TestStartupValidationUnit" name="test_sentence_transformers_graceful_fallback" time="0.003" /><testcase classname="tests.unit.test_weaviate_client_close" name="test_ensure_weaviate_ready_and_populated_closes_client" time="0.037" /><testcase classname="tests.unit.test_startup_validation_unit.TestStartupValidationUnit" name="test_retriever_import_fallback_without_heavy_import" time="0.005" /><testcase classname="tests.unit.test_weaviate_guard" name="test_weaviate_connect_to_custom_can_be_patched_in_test" time="0.003" /><testcase classname="tests.unit.test_ollama_client_unit" name="test_download_model_with_progress_uses_timeout_in_stream" time="0.005" /><testcase classname="tests.unit.test_weaviate_guard" name="test_weaviate_connect_to_custom_guard_blocks_real_client" time="0.003" /><testcase classname="tests.unit.test_startup_validation_unit.TestStartupValidationUnit" name="test_heavy_imports_eventually_succeed" time="0.003" /></testsuite></testsuites>