<?xml version="1.0" encoding="utf-8"?><testsuites name="pytest tests"><testsuite name="pytest" errors="0" failures="0" skipped="0" tests="0" time="7.665" timestamp="2025-08-06T09:35:53.095042+03:00" hostname="DESKTOP-26A9125" /></testsuites>